
2025-12-11 10:51:26,326 [1] INFO  IEC61850_simulatorServer2.MainClass [37] - [Program] 应用启动，log4net 配置已尝试加载 

2025-12-11 10:51:28,765 [1] INFO  IEC61850_simulatorServer2.ModbusSimServer [147] - Device Connected, DeviceName : simBms 

2025-12-11 10:51:28,766 [1] INFO  IEC61850_simulatorServer2.ModbusSimServer [251] - Started worker for modelType=4, count=7689 

2025-12-11 10:51:28,768 [1] INFO  IEC61850_simulatorServer2.ModbusSimServer [253] - All modelType workers started. 

2025-12-11 10:51:28,769 [6] INFO  IEC61850_simulatorServer2.ModbusSimServer [283] - Worker 4 loop running with 7689 entries. 

2025-12-11 10:51:28,769 [7] INFO  IEC61850_simulatorServer2.ModbusSimServer [168] - Control thread started. 

2025-12-11 10:51:30,781 [1] INFO  IEC61850_simulatorServer2.ModbusSimServer [147] - Device Connected, DeviceName : simEmu 

2025-12-11 10:51:30,783 [1] INFO  IEC61850_simulatorServer2.ModbusSimServer [251] - Started worker for modelType=4, count=105 

2025-12-11 10:51:30,785 [8] INFO  IEC61850_simulatorServer2.ModbusSimServer [283] - Worker 4 loop running with 105 entries. 

2025-12-11 10:51:30,789 [1] INFO  IEC61850_simulatorServer2.ModbusSimServer [251] - Started worker for modelType=2, count=5 

2025-12-11 10:51:30,790 [1] INFO  IEC61850_simulatorServer2.ModbusSimServer [253] - All modelType workers started. 

2025-12-11 10:51:30,790 [9] INFO  IEC61850_simulatorServer2.ModbusSimServer [283] - Worker 2 loop running with 5 entries. 

2025-12-11 10:51:30,793 [10] INFO  IEC61850_simulatorServer2.ModbusSimServer [168] - Control thread started. 

2025-12-11 10:51:32,112 [10] INFO  IEC61850_simulatorServer2.ModbusSimServer [568] - yt0 数据值更新为：0 

2025-12-11 10:51:33,115 [10] INFO  IEC61850_simulatorServer2.ModbusSimServer [568] - yt1 数据值更新为：0 

2025-12-11 10:51:33,879 [8] WARN  IEC61850_simulatorServer2.ModbusWirter [234] - Scale apply failed for yc14: System.OverflowException: Value was either too large or too small for an Int32.
   at System.Convert.ToInt32(Double value)
   at IEC61850_simulatorServer2.ModbusWirter.Write(Dictionary`2 data) in /Users/songyinpei/jobs/IEC61850-simulatorServer2/ModbusWirter.cs:line 234 

2025-12-11 10:51:33,931 [8] WARN  IEC61850_simulatorServer2.ModbusWirter [234] - Scale apply failed for yc59: System.OverflowException: Value was either too large or too small for an Int32.
   at System.Convert.ToInt32(Double value)
   at IEC61850_simulatorServer2.ModbusWirter.Write(Dictionary`2 data) in /Users/songyinpei/jobs/IEC61850-simulatorServer2/ModbusWirter.cs:line 234 

2025-12-11 10:51:33,985 [8] WARN  IEC61850_simulatorServer2.ModbusWirter [234] - Scale apply failed for yc110: System.OverflowException: Value was either too large or too small for an Int32.
   at System.Convert.ToInt32(Double value)
   at IEC61850_simulatorServer2.ModbusWirter.Write(Dictionary`2 data) in /Users/songyinpei/jobs/IEC61850-simulatorServer2/ModbusWirter.cs:line 234 

2025-12-11 10:51:34,030 [8] WARN  IEC61850_simulatorServer2.ModbusWirter [234] - Scale apply failed for yc152: System.OverflowException: Value was either too large or too small for an Int32.
   at System.Convert.ToInt32(Double value)
   at IEC61850_simulatorServer2.ModbusWirter.Write(Dictionary`2 data) in /Users/songyinpei/jobs/IEC61850-simulatorServer2/ModbusWirter.cs:line 234 

2025-12-11 10:51:34,117 [10] INFO  IEC61850_simulatorServer2.ModbusSimServer [568] - yt2 数据值更新为：0 

2025-12-11 10:51:35,117 [10] INFO  IEC61850_simulatorServer2.ModbusSimServer [568] - yt3 数据值更新为：0 

2025-12-11 10:51:36,119 [10] INFO  IEC61850_simulatorServer2.ModbusSimServer [568] - yt4 数据值更新为：0 

2025-12-11 10:51:37,120 [10] INFO  IEC61850_simulatorServer2.ModbusSimServer [568] - yt5 数据值更新为：0 

2025-12-11 10:51:38,123 [10] INFO  IEC61850_simulatorServer2.ModbusSimServer [568] - yt6 数据值更新为：0 

2025-12-11 10:53:07,998 [1] INFO  IEC61850_simulatorServer2.MainClass [37] - [Program] 应用启动，log4net 配置已尝试加载 

2025-12-11 10:53:10,404 [1] INFO  IEC61850_simulatorServer2.ModbusSimServer [147] - Device Connected, DeviceName : simBms 

2025-12-11 10:53:10,405 [1] INFO  IEC61850_simulatorServer2.ModbusSimServer [251] - Started worker for modelType=4, count=7689 

2025-12-11 10:53:10,407 [1] INFO  IEC61850_simulatorServer2.ModbusSimServer [253] - All modelType workers started. 

2025-12-11 10:53:10,408 [6] INFO  IEC61850_simulatorServer2.ModbusSimServer [283] - Worker 4 loop running with 7689 entries. 

2025-12-11 10:53:10,409 [7] INFO  IEC61850_simulatorServer2.ModbusSimServer [168] - Control thread started. 

2025-12-11 10:53:12,420 [1] INFO  IEC61850_simulatorServer2.ModbusSimServer [147] - Device Connected, DeviceName : simEmu 

2025-12-11 10:53:12,422 [1] INFO  IEC61850_simulatorServer2.ModbusSimServer [251] - Started worker for modelType=4, count=105 

2025-12-11 10:53:12,426 [8] INFO  IEC61850_simulatorServer2.ModbusSimServer [283] - Worker 4 loop running with 105 entries. 

2025-12-11 10:53:12,429 [1] INFO  IEC61850_simulatorServer2.ModbusSimServer [251] - Started worker for modelType=2, count=5 

2025-12-11 10:53:12,431 [1] INFO  IEC61850_simulatorServer2.ModbusSimServer [253] - All modelType workers started. 

2025-12-11 10:53:12,430 [9] INFO  IEC61850_simulatorServer2.ModbusSimServer [283] - Worker 2 loop running with 5 entries. 

2025-12-11 10:53:12,435 [10] INFO  IEC61850_simulatorServer2.ModbusSimServer [168] - Control thread started. 

2025-12-11 10:53:13,756 [10] INFO  IEC61850_simulatorServer2.ModbusSimServer [568] - yt0 数据值更新为：0 

2025-12-11 10:53:14,759 [10] INFO  IEC61850_simulatorServer2.ModbusSimServer [568] - yt1 数据值更新为：0 

2025-12-11 10:53:15,491 [8] WARN  IEC61850_simulatorServer2.ModbusWirter [234] - Scale apply failed for yc14: System.OverflowException: Value was either too large or too small for an Int32.
   at System.Convert.ToInt32(Double value)
   at IEC61850_simulatorServer2.ModbusWirter.Write(Dictionary`2 data) in /Users/songyinpei/jobs/IEC61850-simulatorServer2/ModbusWirter.cs:line 234 

2025-12-11 10:53:15,521 [8] WARN  IEC61850_simulatorServer2.ModbusWirter [234] - Scale apply failed for yc59: System.OverflowException: Value was either too large or too small for an Int32.
   at System.Convert.ToInt32(Double value)
   at IEC61850_simulatorServer2.ModbusWirter.Write(Dictionary`2 data) in /Users/songyinpei/jobs/IEC61850-simulatorServer2/ModbusWirter.cs:line 234 

2025-12-11 10:53:15,574 [8] WARN  IEC61850_simulatorServer2.ModbusWirter [234] - Scale apply failed for yc110: System.OverflowException: Value was either too large or too small for an Int32.
   at System.Convert.ToInt32(Double value)
   at IEC61850_simulatorServer2.ModbusWirter.Write(Dictionary`2 data) in /Users/songyinpei/jobs/IEC61850-simulatorServer2/ModbusWirter.cs:line 234 

2025-12-11 10:53:15,629 [8] WARN  IEC61850_simulatorServer2.ModbusWirter [234] - Scale apply failed for yc152: System.OverflowException: Value was either too large or too small for an Int32.
   at System.Convert.ToInt32(Double value)
   at IEC61850_simulatorServer2.ModbusWirter.Write(Dictionary`2 data) in /Users/songyinpei/jobs/IEC61850-simulatorServer2/ModbusWirter.cs:line 234 

2025-12-11 10:53:15,760 [10] INFO  IEC61850_simulatorServer2.ModbusSimServer [568] - yt2 数据值更新为：0 

2025-12-11 10:53:16,762 [10] INFO  IEC61850_simulatorServer2.ModbusSimServer [568] - yt3 数据值更新为：0 

2025-12-11 10:53:17,763 [10] INFO  IEC61850_simulatorServer2.ModbusSimServer [568] - yt4 数据值更新为：0 

2025-12-11 10:53:18,766 [10] INFO  IEC61850_simulatorServer2.ModbusSimServer [568] - yt5 数据值更新为：0 

2025-12-11 10:53:19,768 [10] INFO  IEC61850_simulatorServer2.ModbusSimServer [568] - yt6 数据值更新为：0 

2025-12-11 10:53:20,771 [10] INFO  IEC61850_simulatorServer2.ModbusSimServer [568] - yt7 数据值更新为：0 

2025-12-11 10:53:21,773 [10] INFO  IEC61850_simulatorServer2.ModbusSimServer [568] - yt8 数据值更新为：0 

2025-12-11 10:53:22,776 [10] INFO  IEC61850_simulatorServer2.ModbusSimServer [568] - yt9 数据值更新为：0 

2025-12-11 10:53:23,778 [10] INFO  IEC61850_simulatorServer2.ModbusSimServer [568] - yt10 数据值更新为：0 

2025-12-11 10:53:24,780 [10] INFO  IEC61850_simulatorServer2.ModbusSimServer [568] - yt11 数据值更新为：0 

2025-12-11 10:53:25,783 [10] INFO  IEC61850_simulatorServer2.ModbusSimServer [568] - yt12 数据值更新为：0 

2025-12-11 10:53:26,785 [10] INFO  IEC61850_simulatorServer2.ModbusSimServer [568] - yt13 数据值更新为：0 

2025-12-11 10:53:27,787 [10] INFO  IEC61850_simulatorServer2.ModbusSimServer [568] - yt14 数据值更新为：0 

2025-12-11 10:53:28,790 [10] INFO  IEC61850_simulatorServer2.ModbusSimServer [568] - yt15 数据值更新为：0 

2025-12-11 10:53:29,792 [10] INFO  IEC61850_simulatorServer2.ModbusSimServer [568] - yt16 数据值更新为：0 

2025-12-11 10:53:30,795 [10] INFO  IEC61850_simulatorServer2.ModbusSimServer [568] - yt17 数据值更新为：0 

2025-12-11 10:53:31,798 [10] INFO  IEC61850_simulatorServer2.ModbusSimServer [568] - yt18 数据值更新为：0 

2025-12-11 10:53:32,799 [10] INFO  IEC61850_simulatorServer2.ModbusSimServer [568] - yt19 数据值更新为：0 

2025-12-11 10:53:33,815 [10] ERROR IEC61850_simulatorServer2.ModbusSimServer [224] - Control thread error 
System.NullReferenceException: Object reference not set to an instance of an object.
   at IEC61850_simulatorServer2.SimServer.SetExtIfVariableVal(String arg1, Object ctlVal) in /Users/songyinpei/jobs/IEC61850-simulatorServer2/IedSimServer.cs:line 260
   at IEC61850_simulatorServer2.ModbusSimServer.SetDataObjectByMesurePointName(String mesurePointName, Object value) in /Users/songyinpei/jobs/IEC61850-simulatorServer2/ModbusSimServer.cs:line 567
   at IEC61850_simulatorServer2.ModbusSimServer.<StartControlThread>b__23_0() in /Users/songyinpei/jobs/IEC61850-simulatorServer2/ModbusSimServer.cs:line 224

2025-12-11 10:53:35,131 [10] ERROR IEC61850_simulatorServer2.ModbusSimServer [224] - Control thread error 
System.NullReferenceException: Object reference not set to an instance of an object.
   at IEC61850_simulatorServer2.SimServer.SetExtIfVariableVal(String arg1, Object ctlVal) in /Users/songyinpei/jobs/IEC61850-simulatorServer2/IedSimServer.cs:line 260
   at IEC61850_simulatorServer2.ModbusSimServer.SetDataObjectByMesurePointName(String mesurePointName, Object value) in /Users/songyinpei/jobs/IEC61850-simulatorServer2/ModbusSimServer.cs:line 567
   at IEC61850_simulatorServer2.ModbusSimServer.<StartControlThread>b__23_0() in /Users/songyinpei/jobs/IEC61850-simulatorServer2/ModbusSimServer.cs:line 224

2025-12-11 10:53:36,447 [10] INFO  IEC61850_simulatorServer2.ModbusSimServer [568] - yt22 数据值更新为：0 

2025-12-11 10:53:37,449 [10] INFO  IEC61850_simulatorServer2.ModbusSimServer [568] - yt23 数据值更新为：0 

2025-12-11 10:53:38,458 [10] ERROR IEC61850_simulatorServer2.ModbusSimServer [224] - Control thread error 
System.NullReferenceException: Object reference not set to an instance of an object.
   at IEC61850_simulatorServer2.SimServer.SetExtIfVariableVal(String arg1, Object ctlVal) in /Users/songyinpei/jobs/IEC61850-simulatorServer2/IedSimServer.cs:line 260
   at IEC61850_simulatorServer2.ModbusSimServer.SetDataObjectByMesurePointName(String mesurePointName, Object value) in /Users/songyinpei/jobs/IEC61850-simulatorServer2/ModbusSimServer.cs:line 567
   at IEC61850_simulatorServer2.ModbusSimServer.<StartControlThread>b__23_0() in /Users/songyinpei/jobs/IEC61850-simulatorServer2/ModbusSimServer.cs:line 224

2025-12-11 10:53:39,777 [10] ERROR IEC61850_simulatorServer2.ModbusSimServer [224] - Control thread error 
System.NullReferenceException: Object reference not set to an instance of an object.
   at IEC61850_simulatorServer2.SimServer.SetExtIfVariableVal(String arg1, Object ctlVal) in /Users/songyinpei/jobs/IEC61850-simulatorServer2/IedSimServer.cs:line 260
   at IEC61850_simulatorServer2.ModbusSimServer.SetDataObjectByMesurePointName(String mesurePointName, Object value) in /Users/songyinpei/jobs/IEC61850-simulatorServer2/ModbusSimServer.cs:line 567
   at IEC61850_simulatorServer2.ModbusSimServer.<StartControlThread>b__23_0() in /Users/songyinpei/jobs/IEC61850-simulatorServer2/ModbusSimServer.cs:line 224

2025-12-11 10:53:41,091 [10] ERROR IEC61850_simulatorServer2.ModbusSimServer [224] - Control thread error 
System.NullReferenceException: Object reference not set to an instance of an object.
   at IEC61850_simulatorServer2.SimServer.SetExtIfVariableVal(String arg1, Object ctlVal) in /Users/songyinpei/jobs/IEC61850-simulatorServer2/IedSimServer.cs:line 260
   at IEC61850_simulatorServer2.ModbusSimServer.SetDataObjectByMesurePointName(String mesurePointName, Object value) in /Users/songyinpei/jobs/IEC61850-simulatorServer2/ModbusSimServer.cs:line 567
   at IEC61850_simulatorServer2.ModbusSimServer.<StartControlThread>b__23_0() in /Users/songyinpei/jobs/IEC61850-simulatorServer2/ModbusSimServer.cs:line 224

2025-12-11 10:53:42,412 [10] ERROR IEC61850_simulatorServer2.ModbusSimServer [224] - Control thread error 
System.NullReferenceException: Object reference not set to an instance of an object.
   at IEC61850_simulatorServer2.SimServer.SetExtIfVariableVal(String arg1, Object ctlVal) in /Users/songyinpei/jobs/IEC61850-simulatorServer2/IedSimServer.cs:line 260
   at IEC61850_simulatorServer2.ModbusSimServer.SetDataObjectByMesurePointName(String mesurePointName, Object value) in /Users/songyinpei/jobs/IEC61850-simulatorServer2/ModbusSimServer.cs:line 567
   at IEC61850_simulatorServer2.ModbusSimServer.<StartControlThread>b__23_0() in /Users/songyinpei/jobs/IEC61850-simulatorServer2/ModbusSimServer.cs:line 224

2025-12-11 10:53:43,737 [10] ERROR IEC61850_simulatorServer2.ModbusSimServer [224] - Control thread error 
System.NullReferenceException: Object reference not set to an instance of an object.
   at IEC61850_simulatorServer2.SimServer.SetExtIfVariableVal(String arg1, Object ctlVal) in /Users/songyinpei/jobs/IEC61850-simulatorServer2/IedSimServer.cs:line 260
   at IEC61850_simulatorServer2.ModbusSimServer.SetDataObjectByMesurePointName(String mesurePointName, Object value) in /Users/songyinpei/jobs/IEC61850-simulatorServer2/ModbusSimServer.cs:line 567
   at IEC61850_simulatorServer2.ModbusSimServer.<StartControlThread>b__23_0() in /Users/songyinpei/jobs/IEC61850-simulatorServer2/ModbusSimServer.cs:line 224

2025-12-11 10:53:45,052 [10] ERROR IEC61850_simulatorServer2.ModbusSimServer [224] - Control thread error 
System.NullReferenceException: Object reference not set to an instance of an object.
   at IEC61850_simulatorServer2.SimServer.SetExtIfVariableVal(String arg1, Object ctlVal) in /Users/songyinpei/jobs/IEC61850-simulatorServer2/IedSimServer.cs:line 260
   at IEC61850_simulatorServer2.ModbusSimServer.SetDataObjectByMesurePointName(String mesurePointName, Object value) in /Users/songyinpei/jobs/IEC61850-simulatorServer2/ModbusSimServer.cs:line 567
   at IEC61850_simulatorServer2.ModbusSimServer.<StartControlThread>b__23_0() in /Users/songyinpei/jobs/IEC61850-simulatorServer2/ModbusSimServer.cs:line 224

2025-12-11 10:53:46,368 [10] ERROR IEC61850_simulatorServer2.ModbusSimServer [224] - Control thread error 
System.NullReferenceException: Object reference not set to an instance of an object.
   at IEC61850_simulatorServer2.SimServer.SetExtIfVariableVal(String arg1, Object ctlVal) in /Users/songyinpei/jobs/IEC61850-simulatorServer2/IedSimServer.cs:line 260
   at IEC61850_simulatorServer2.ModbusSimServer.SetDataObjectByMesurePointName(String mesurePointName, Object value) in /Users/songyinpei/jobs/IEC61850-simulatorServer2/ModbusSimServer.cs:line 567
   at IEC61850_simulatorServer2.ModbusSimServer.<StartControlThread>b__23_0() in /Users/songyinpei/jobs/IEC61850-simulatorServer2/ModbusSimServer.cs:line 224

2025-12-11 10:53:47,689 [10] ERROR IEC61850_simulatorServer2.ModbusSimServer [224] - Control thread error 
System.NullReferenceException: Object reference not set to an instance of an object.
   at IEC61850_simulatorServer2.SimServer.SetExtIfVariableVal(String arg1, Object ctlVal) in /Users/songyinpei/jobs/IEC61850-simulatorServer2/IedSimServer.cs:line 260
   at IEC61850_simulatorServer2.ModbusSimServer.SetDataObjectByMesurePointName(String mesurePointName, Object value) in /Users/songyinpei/jobs/IEC61850-simulatorServer2/ModbusSimServer.cs:line 567
   at IEC61850_simulatorServer2.ModbusSimServer.<StartControlThread>b__23_0() in /Users/songyinpei/jobs/IEC61850-simulatorServer2/ModbusSimServer.cs:line 224

2025-12-11 10:53:48,999 [10] INFO  IEC61850_simulatorServer2.ModbusSimServer [568] - yt32 数据值更新为：0 

2025-12-11 10:53:50,001 [10] INFO  IEC61850_simulatorServer2.ModbusSimServer [568] - yt33 数据值更新为：0 

2025-12-11 10:53:51,009 [10] INFO  IEC61850_simulatorServer2.ModbusSimServer [568] - yt34 数据值更新为：0 

2025-12-11 10:53:52,011 [10] INFO  IEC61850_simulatorServer2.ModbusSimServer [568] - yt35 数据值更新为：0 

2025-12-11 10:53:53,012 [10] INFO  IEC61850_simulatorServer2.ModbusSimServer [568] - yt36 数据值更新为：0 

2025-12-11 10:53:54,014 [10] INFO  IEC61850_simulatorServer2.ModbusSimServer [568] - yt37 数据值更新为：0 

2025-12-11 10:54:50,142 [1] INFO  IEC61850_simulatorServer2.MainClass [37] - [Program] 应用启动，log4net 配置已尝试加载 

2025-12-11 10:54:52,549 [1] INFO  IEC61850_simulatorServer2.ModbusSimServer [147] - Device Connected, DeviceName : simBms 

2025-12-11 10:54:52,550 [1] INFO  IEC61850_simulatorServer2.ModbusSimServer [251] - Started worker for modelType=4, count=7689 

2025-12-11 10:54:52,552 [1] INFO  IEC61850_simulatorServer2.ModbusSimServer [253] - All modelType workers started. 

2025-12-11 10:54:52,553 [6] INFO  IEC61850_simulatorServer2.ModbusSimServer [283] - Worker 4 loop running with 7689 entries. 

2025-12-11 10:54:52,554 [7] INFO  IEC61850_simulatorServer2.ModbusSimServer [168] - Control thread started. 

2025-12-11 10:54:54,563 [1] INFO  IEC61850_simulatorServer2.ModbusSimServer [147] - Device Connected, DeviceName : simEmu 

2025-12-11 10:54:54,565 [1] INFO  IEC61850_simulatorServer2.ModbusSimServer [251] - Started worker for modelType=4, count=105 

2025-12-11 10:54:54,569 [8] INFO  IEC61850_simulatorServer2.ModbusSimServer [283] - Worker 4 loop running with 105 entries. 

2025-12-11 10:54:54,569 [1] INFO  IEC61850_simulatorServer2.ModbusSimServer [251] - Started worker for modelType=2, count=5 

2025-12-11 10:54:54,596 [9] INFO  IEC61850_simulatorServer2.ModbusSimServer [283] - Worker 2 loop running with 5 entries. 

2025-12-11 10:54:54,597 [1] INFO  IEC61850_simulatorServer2.ModbusSimServer [253] - All modelType workers started. 

2025-12-11 10:54:54,598 [10] INFO  IEC61850_simulatorServer2.ModbusSimServer [168] - Control thread started. 

2025-12-11 10:54:55,925 [10] INFO  IEC61850_simulatorServer2.ModbusSimServer [568] - yt0 数据值更新为：0 

2025-12-11 10:54:56,928 [10] INFO  IEC61850_simulatorServer2.ModbusSimServer [568] - yt1 数据值更新为：0 

2025-12-11 10:54:57,658 [8] WARN  IEC61850_simulatorServer2.ModbusWirter [234] - Scale apply failed for yc14: System.OverflowException: Value was either too large or too small for an Int32.
   at System.Convert.ToInt32(Double value)
   at IEC61850_simulatorServer2.ModbusWirter.Write(Dictionary`2 data) in /Users/songyinpei/jobs/IEC61850-simulatorServer2/ModbusWirter.cs:line 234 

2025-12-11 10:54:57,709 [8] WARN  IEC61850_simulatorServer2.ModbusWirter [234] - Scale apply failed for yc59: System.OverflowException: Value was either too large or too small for an Int32.
   at System.Convert.ToInt32(Double value)
   at IEC61850_simulatorServer2.ModbusWirter.Write(Dictionary`2 data) in /Users/songyinpei/jobs/IEC61850-simulatorServer2/ModbusWirter.cs:line 234 

2025-12-11 10:54:57,757 [8] WARN  IEC61850_simulatorServer2.ModbusWirter [234] - Scale apply failed for yc110: System.OverflowException: Value was either too large or too small for an Int32.
   at System.Convert.ToInt32(Double value)
   at IEC61850_simulatorServer2.ModbusWirter.Write(Dictionary`2 data) in /Users/songyinpei/jobs/IEC61850-simulatorServer2/ModbusWirter.cs:line 234 

2025-12-11 10:54:57,809 [8] WARN  IEC61850_simulatorServer2.ModbusWirter [234] - Scale apply failed for yc152: System.OverflowException: Value was either too large or too small for an Int32.
   at System.Convert.ToInt32(Double value)
   at IEC61850_simulatorServer2.ModbusWirter.Write(Dictionary`2 data) in /Users/songyinpei/jobs/IEC61850-simulatorServer2/ModbusWirter.cs:line 234 

2025-12-11 10:54:57,930 [10] INFO  IEC61850_simulatorServer2.ModbusSimServer [568] - yt2 数据值更新为：0 

2025-12-11 10:54:58,931 [10] INFO  IEC61850_simulatorServer2.ModbusSimServer [568] - yt3 数据值更新为：0 

2025-12-11 10:54:59,932 [10] INFO  IEC61850_simulatorServer2.ModbusSimServer [568] - yt4 数据值更新为：0 

2025-12-11 10:57:52,129 [1] INFO  IEC61850_simulatorServer2.MainClass [37] - [Program] 应用启动，log4net 配置已尝试加载 

2025-12-11 10:57:54,565 [1] INFO  IEC61850_simulatorServer2.ModbusSimServer [147] - Device Connected, DeviceName : simBms 

2025-12-11 10:57:54,566 [1] INFO  IEC61850_simulatorServer2.ModbusSimServer [251] - Started worker for modelType=4, count=7689 

2025-12-11 10:57:54,567 [1] INFO  IEC61850_simulatorServer2.ModbusSimServer [253] - All modelType workers started. 

2025-12-11 10:57:54,568 [6] INFO  IEC61850_simulatorServer2.ModbusSimServer [283] - Worker 4 loop running with 7689 entries. 

2025-12-11 10:57:54,569 [7] INFO  IEC61850_simulatorServer2.ModbusSimServer [168] - Control thread started. 

2025-12-11 10:57:56,575 [1] INFO  IEC61850_simulatorServer2.ModbusSimServer [147] - Device Connected, DeviceName : simEmu 

2025-12-11 10:57:56,576 [1] INFO  IEC61850_simulatorServer2.ModbusSimServer [251] - Started worker for modelType=4, count=105 

2025-12-11 10:57:56,602 [8] INFO  IEC61850_simulatorServer2.ModbusSimServer [283] - Worker 4 loop running with 105 entries. 

2025-12-11 10:57:56,603 [1] INFO  IEC61850_simulatorServer2.ModbusSimServer [251] - Started worker for modelType=2, count=5 

2025-12-11 10:57:56,627 [1] INFO  IEC61850_simulatorServer2.ModbusSimServer [253] - All modelType workers started. 

2025-12-11 10:57:56,626 [9] INFO  IEC61850_simulatorServer2.ModbusSimServer [283] - Worker 2 loop running with 5 entries. 

2025-12-11 10:57:56,630 [10] INFO  IEC61850_simulatorServer2.ModbusSimServer [168] - Control thread started. 

2025-12-11 10:57:57,950 [10] INFO  IEC61850_simulatorServer2.ModbusSimServer [568] - yt0 数据值更新为：0 

2025-12-11 10:57:58,953 [10] INFO  IEC61850_simulatorServer2.ModbusSimServer [568] - yt1 数据值更新为：0 

2025-12-11 10:57:59,685 [8] WARN  IEC61850_simulatorServer2.ModbusWirter [234] - Scale apply failed for yc14: System.OverflowException: Value was either too large or too small for an Int32.
   at System.Convert.ToInt32(Double value)
   at IEC61850_simulatorServer2.ModbusWirter.Write(Dictionary`2 data) in /Users/songyinpei/jobs/IEC61850-simulatorServer2/ModbusWirter.cs:line 234 

2025-12-11 10:57:59,735 [8] WARN  IEC61850_simulatorServer2.ModbusWirter [234] - Scale apply failed for yc59: System.OverflowException: Value was either too large or too small for an Int32.
   at System.Convert.ToInt32(Double value)
   at IEC61850_simulatorServer2.ModbusWirter.Write(Dictionary`2 data) in /Users/songyinpei/jobs/IEC61850-simulatorServer2/ModbusWirter.cs:line 234 

2025-12-11 10:57:59,788 [8] WARN  IEC61850_simulatorServer2.ModbusWirter [234] - Scale apply failed for yc110: System.OverflowException: Value was either too large or too small for an Int32.
   at System.Convert.ToInt32(Double value)
   at IEC61850_simulatorServer2.ModbusWirter.Write(Dictionary`2 data) in /Users/songyinpei/jobs/IEC61850-simulatorServer2/ModbusWirter.cs:line 234 

2025-12-11 10:57:59,842 [8] WARN  IEC61850_simulatorServer2.ModbusWirter [234] - Scale apply failed for yc152: System.OverflowException: Value was either too large or too small for an Int32.
   at System.Convert.ToInt32(Double value)
   at IEC61850_simulatorServer2.ModbusWirter.Write(Dictionary`2 data) in /Users/songyinpei/jobs/IEC61850-simulatorServer2/ModbusWirter.cs:line 234 

2025-12-11 10:57:59,955 [10] INFO  IEC61850_simulatorServer2.ModbusSimServer [568] - yt2 数据值更新为：0 

2025-12-11 11:02:20,315 [1] INFO  IEC61850_simulatorServer2.MainClass [37] - [Program] 应用启动，log4net 配置已尝试加载 

2025-12-11 11:02:22,727 [1] INFO  IEC61850_simulatorServer2.ModbusSimServer [147] - Device Connected, DeviceName : simBms 

2025-12-11 11:02:22,728 [1] INFO  IEC61850_simulatorServer2.ModbusSimServer [251] - Started worker for modelType=4, count=7689 

2025-12-11 11:02:22,729 [1] INFO  IEC61850_simulatorServer2.ModbusSimServer [253] - All modelType workers started. 

2025-12-11 11:02:22,730 [6] INFO  IEC61850_simulatorServer2.ModbusSimServer [283] - Worker 4 loop running with 7689 entries. 

2025-12-11 11:02:22,731 [7] INFO  IEC61850_simulatorServer2.ModbusSimServer [168] - Control thread started. 

2025-12-11 11:02:24,742 [1] INFO  IEC61850_simulatorServer2.ModbusSimServer [147] - Device Connected, DeviceName : simEmu 

2025-12-11 11:02:24,748 [1] INFO  IEC61850_simulatorServer2.ModbusSimServer [251] - Started worker for modelType=4, count=105 

2025-12-11 11:02:24,748 [9] INFO  IEC61850_simulatorServer2.ModbusSimServer [283] - Worker 4 loop running with 105 entries. 

2025-12-11 11:02:24,754 [1] INFO  IEC61850_simulatorServer2.ModbusSimServer [251] - Started worker for modelType=2, count=5 

2025-12-11 11:02:24,755 [10] INFO  IEC61850_simulatorServer2.ModbusSimServer [283] - Worker 2 loop running with 5 entries. 

2025-12-11 11:02:24,756 [1] INFO  IEC61850_simulatorServer2.ModbusSimServer [253] - All modelType workers started. 

2025-12-11 11:02:24,760 [11] INFO  IEC61850_simulatorServer2.ModbusSimServer [168] - Control thread started. 

2025-12-11 11:02:26,086 [11] INFO  IEC61850_simulatorServer2.ModbusSimServer [568] - yt0 数据值更新为：0 

2025-12-11 11:02:27,089 [11] INFO  IEC61850_simulatorServer2.ModbusSimServer [568] - yt1 数据值更新为：0 

2025-12-11 11:02:27,815 [9] WARN  IEC61850_simulatorServer2.ModbusWirter [234] - Scale apply failed for yc14: System.OverflowException: Value was either too large or too small for an Int32.
   at System.Convert.ToInt32(Double value)
   at IEC61850_simulatorServer2.ModbusWirter.Write(Dictionary`2 data) in /Users/songyinpei/jobs/IEC61850-simulatorServer2/ModbusWirter.cs:line 234 

2025-12-11 11:02:27,869 [9] WARN  IEC61850_simulatorServer2.ModbusWirter [234] - Scale apply failed for yc59: System.OverflowException: Value was either too large or too small for an Int32.
   at System.Convert.ToInt32(Double value)
   at IEC61850_simulatorServer2.ModbusWirter.Write(Dictionary`2 data) in /Users/songyinpei/jobs/IEC61850-simulatorServer2/ModbusWirter.cs:line 234 

2025-12-11 11:02:27,922 [9] WARN  IEC61850_simulatorServer2.ModbusWirter [234] - Scale apply failed for yc110: System.OverflowException: Value was either too large or too small for an Int32.
   at System.Convert.ToInt32(Double value)
   at IEC61850_simulatorServer2.ModbusWirter.Write(Dictionary`2 data) in /Users/songyinpei/jobs/IEC61850-simulatorServer2/ModbusWirter.cs:line 234 

2025-12-11 11:02:27,975 [9] WARN  IEC61850_simulatorServer2.ModbusWirter [234] - Scale apply failed for yc152: System.OverflowException: Value was either too large or too small for an Int32.
   at System.Convert.ToInt32(Double value)
   at IEC61850_simulatorServer2.ModbusWirter.Write(Dictionary`2 data) in /Users/songyinpei/jobs/IEC61850-simulatorServer2/ModbusWirter.cs:line 234 

2025-12-11 11:02:28,091 [11] INFO  IEC61850_simulatorServer2.ModbusSimServer [568] - yt2 数据值更新为：0 

2025-12-11 11:03:59,589 [1] INFO  IEC61850_simulatorServer2.MainClass [37] - [Program] 应用启动，log4net 配置已尝试加载 

2025-12-11 11:04:02,095 [1] INFO  IEC61850_simulatorServer2.ModbusSimServer [147] - Device Connected, DeviceName : simBms 

2025-12-11 11:04:02,096 [1] INFO  IEC61850_simulatorServer2.ModbusSimServer [251] - Started worker for modelType=4, count=7689 

2025-12-11 11:04:02,097 [1] INFO  IEC61850_simulatorServer2.ModbusSimServer [253] - All modelType workers started. 

2025-12-11 11:04:02,099 [6] INFO  IEC61850_simulatorServer2.ModbusSimServer [283] - Worker 4 loop running with 7689 entries. 

2025-12-11 11:04:02,099 [7] INFO  IEC61850_simulatorServer2.ModbusSimServer [168] - Control thread started. 

2025-12-11 11:04:04,110 [1] INFO  IEC61850_simulatorServer2.ModbusSimServer [147] - Device Connected, DeviceName : simEmu 

2025-12-11 11:04:04,112 [1] INFO  IEC61850_simulatorServer2.ModbusSimServer [251] - Started worker for modelType=4, count=105 

2025-12-11 11:04:04,116 [8] INFO  IEC61850_simulatorServer2.ModbusSimServer [283] - Worker 4 loop running with 105 entries. 

2025-12-11 11:04:04,120 [1] INFO  IEC61850_simulatorServer2.ModbusSimServer [251] - Started worker for modelType=2, count=5 

2025-12-11 11:04:04,122 [9] INFO  IEC61850_simulatorServer2.ModbusSimServer [283] - Worker 2 loop running with 5 entries. 

2025-12-11 11:04:04,122 [1] INFO  IEC61850_simulatorServer2.ModbusSimServer [253] - All modelType workers started. 

2025-12-11 11:04:04,125 [10] INFO  IEC61850_simulatorServer2.ModbusSimServer [168] - Control thread started. 

2025-12-11 11:04:05,447 [10] INFO  IEC61850_simulatorServer2.ModbusSimServer [568] - yt0 数据值更新为：0 

2025-12-11 11:04:06,449 [10] INFO  IEC61850_simulatorServer2.ModbusSimServer [568] - yt1 数据值更新为：0 

2025-12-11 11:04:07,173 [8] WARN  IEC61850_simulatorServer2.ModbusWirter [234] - Scale apply failed for yc14: System.OverflowException: Value was either too large or too small for an Int32.
   at System.Convert.ToInt32(Double value)
   at IEC61850_simulatorServer2.ModbusWirter.Write(Dictionary`2 data) in /Users/songyinpei/jobs/IEC61850-simulatorServer2/ModbusWirter.cs:line 234 

2025-12-11 11:04:07,227 [8] WARN  IEC61850_simulatorServer2.ModbusWirter [234] - Scale apply failed for yc59: System.OverflowException: Value was either too large or too small for an Int32.
   at System.Convert.ToInt32(Double value)
   at IEC61850_simulatorServer2.ModbusWirter.Write(Dictionary`2 data) in /Users/songyinpei/jobs/IEC61850-simulatorServer2/ModbusWirter.cs:line 234 

2025-12-11 11:04:07,281 [8] WARN  IEC61850_simulatorServer2.ModbusWirter [234] - Scale apply failed for yc110: System.OverflowException: Value was either too large or too small for an Int32.
   at System.Convert.ToInt32(Double value)
   at IEC61850_simulatorServer2.ModbusWirter.Write(Dictionary`2 data) in /Users/songyinpei/jobs/IEC61850-simulatorServer2/ModbusWirter.cs:line 234 

2025-12-11 11:04:07,338 [8] WARN  IEC61850_simulatorServer2.ModbusWirter [234] - Scale apply failed for yc152: System.OverflowException: Value was either too large or too small for an Int32.
   at System.Convert.ToInt32(Double value)
   at IEC61850_simulatorServer2.ModbusWirter.Write(Dictionary`2 data) in /Users/songyinpei/jobs/IEC61850-simulatorServer2/ModbusWirter.cs:line 234 

2025-12-11 11:04:07,451 [10] INFO  IEC61850_simulatorServer2.ModbusSimServer [568] - yt2 数据值更新为：0 

2025-12-11 11:04:08,452 [10] INFO  IEC61850_simulatorServer2.ModbusSimServer [568] - yt3 数据值更新为：0 

2025-12-11 11:04:09,454 [10] INFO  IEC61850_simulatorServer2.ModbusSimServer [568] - yt4 数据值更新为：0 

2025-12-11 11:04:10,456 [10] INFO  IEC61850_simulatorServer2.ModbusSimServer [568] - yt5 数据值更新为：0 

2025-12-11 11:04:11,458 [10] INFO  IEC61850_simulatorServer2.ModbusSimServer [568] - yt6 数据值更新为：0 

2025-12-11 11:04:12,460 [10] INFO  IEC61850_simulatorServer2.ModbusSimServer [568] - yt7 数据值更新为：0 

2025-12-11 11:04:13,463 [10] INFO  IEC61850_simulatorServer2.ModbusSimServer [568] - yt8 数据值更新为：0 

2025-12-11 11:04:14,465 [10] INFO  IEC61850_simulatorServer2.ModbusSimServer [568] - yt9 数据值更新为：0 

2025-12-11 11:04:15,467 [10] INFO  IEC61850_simulatorServer2.ModbusSimServer [568] - yt10 数据值更新为：0 

2025-12-11 11:04:16,469 [10] INFO  IEC61850_simulatorServer2.ModbusSimServer [568] - yt11 数据值更新为：0 

2025-12-11 11:04:17,471 [10] INFO  IEC61850_simulatorServer2.ModbusSimServer [568] - yt12 数据值更新为：0 

2025-12-11 11:04:18,473 [10] INFO  IEC61850_simulatorServer2.ModbusSimServer [568] - yt13 数据值更新为：0 

2025-12-11 11:04:19,475 [10] INFO  IEC61850_simulatorServer2.ModbusSimServer [568] - yt14 数据值更新为：0 

2025-12-11 11:04:20,477 [10] INFO  IEC61850_simulatorServer2.ModbusSimServer [568] - yt15 数据值更新为：0 

2025-12-11 11:04:21,479 [10] INFO  IEC61850_simulatorServer2.ModbusSimServer [568] - yt16 数据值更新为：0 

2025-12-11 11:04:22,482 [10] INFO  IEC61850_simulatorServer2.ModbusSimServer [568] - yt17 数据值更新为：0 

2025-12-11 11:04:23,485 [10] INFO  IEC61850_simulatorServer2.ModbusSimServer [568] - yt18 数据值更新为：0 

2025-12-11 11:04:24,488 [10] INFO  IEC61850_simulatorServer2.ModbusSimServer [568] - yt19 数据值更新为：0 

2025-12-11 11:04:25,503 [10] ERROR IEC61850_simulatorServer2.ModbusSimServer [224] - Control thread error 
System.NullReferenceException: Object reference not set to an instance of an object.
   at IEC61850_simulatorServer2.SimServer.SetExtIfVariableVal(String arg1, Object ctlVal) in /Users/songyinpei/jobs/IEC61850-simulatorServer2/IedSimServer.cs:line 260
   at IEC61850_simulatorServer2.ModbusSimServer.SetDataObjectByMesurePointName(String mesurePointName, Object value) in /Users/songyinpei/jobs/IEC61850-simulatorServer2/ModbusSimServer.cs:line 567
   at IEC61850_simulatorServer2.ModbusSimServer.<StartControlThread>b__23_0() in /Users/songyinpei/jobs/IEC61850-simulatorServer2/ModbusSimServer.cs:line 224

2025-12-11 11:04:26,818 [10] ERROR IEC61850_simulatorServer2.ModbusSimServer [224] - Control thread error 
System.NullReferenceException: Object reference not set to an instance of an object.
   at IEC61850_simulatorServer2.SimServer.SetExtIfVariableVal(String arg1, Object ctlVal) in /Users/songyinpei/jobs/IEC61850-simulatorServer2/IedSimServer.cs:line 260
   at IEC61850_simulatorServer2.ModbusSimServer.SetDataObjectByMesurePointName(String mesurePointName, Object value) in /Users/songyinpei/jobs/IEC61850-simulatorServer2/ModbusSimServer.cs:line 567
   at IEC61850_simulatorServer2.ModbusSimServer.<StartControlThread>b__23_0() in /Users/songyinpei/jobs/IEC61850-simulatorServer2/ModbusSimServer.cs:line 224

2025-12-11 11:06:01,902 [1] INFO  IEC61850_simulatorServer2.MainClass [37] - [Program] 应用启动，log4net 配置已尝试加载 

2025-12-11 11:06:04,313 [1] INFO  IEC61850_simulatorServer2.ModbusSimServer [147] - Device Connected, DeviceName : simBms 

2025-12-11 11:06:04,314 [1] INFO  IEC61850_simulatorServer2.ModbusSimServer [251] - Started worker for modelType=4, count=7689 

2025-12-11 11:06:04,316 [1] INFO  IEC61850_simulatorServer2.ModbusSimServer [253] - All modelType workers started. 

2025-12-11 11:06:04,317 [6] INFO  IEC61850_simulatorServer2.ModbusSimServer [283] - Worker 4 loop running with 7689 entries. 

2025-12-11 11:06:04,318 [7] INFO  IEC61850_simulatorServer2.ModbusSimServer [168] - Control thread started. 

2025-12-11 11:06:06,330 [1] INFO  IEC61850_simulatorServer2.ModbusSimServer [147] - Device Connected, DeviceName : simEmu 

2025-12-11 11:06:06,332 [1] INFO  IEC61850_simulatorServer2.ModbusSimServer [251] - Started worker for modelType=4, count=105 

2025-12-11 11:06:06,357 [8] INFO  IEC61850_simulatorServer2.ModbusSimServer [283] - Worker 4 loop running with 105 entries. 

2025-12-11 11:06:06,362 [1] INFO  IEC61850_simulatorServer2.ModbusSimServer [251] - Started worker for modelType=2, count=5 

2025-12-11 11:06:06,363 [1] INFO  IEC61850_simulatorServer2.ModbusSimServer [253] - All modelType workers started. 

2025-12-11 11:06:06,364 [9] INFO  IEC61850_simulatorServer2.ModbusSimServer [283] - Worker 2 loop running with 5 entries. 

2025-12-11 11:06:06,370 [10] INFO  IEC61850_simulatorServer2.ModbusSimServer [168] - Control thread started. 

2025-12-11 11:06:07,690 [10] INFO  IEC61850_simulatorServer2.ModbusSimServer [568] - yt0 数据值更新为：0 

2025-12-11 11:06:08,693 [10] INFO  IEC61850_simulatorServer2.ModbusSimServer [568] - yt1 数据值更新为：0 

2025-12-11 11:06:09,418 [8] WARN  IEC61850_simulatorServer2.ModbusWirter [234] - Scale apply failed for yc14: System.OverflowException: Value was either too large or too small for an Int32.
   at System.Convert.ToInt32(Double value)
   at IEC61850_simulatorServer2.ModbusWirter.Write(Dictionary`2 data) in /Users/songyinpei/jobs/IEC61850-simulatorServer2/ModbusWirter.cs:line 234 

2025-12-11 11:06:09,469 [8] WARN  IEC61850_simulatorServer2.ModbusWirter [234] - Scale apply failed for yc59: System.OverflowException: Value was either too large or too small for an Int32.
   at System.Convert.ToInt32(Double value)
   at IEC61850_simulatorServer2.ModbusWirter.Write(Dictionary`2 data) in /Users/songyinpei/jobs/IEC61850-simulatorServer2/ModbusWirter.cs:line 234 

2025-12-11 11:06:09,522 [8] WARN  IEC61850_simulatorServer2.ModbusWirter [234] - Scale apply failed for yc110: System.OverflowException: Value was either too large or too small for an Int32.
   at System.Convert.ToInt32(Double value)
   at IEC61850_simulatorServer2.ModbusWirter.Write(Dictionary`2 data) in /Users/songyinpei/jobs/IEC61850-simulatorServer2/ModbusWirter.cs:line 234 

2025-12-11 11:06:09,554 [8] WARN  IEC61850_simulatorServer2.ModbusWirter [234] - Scale apply failed for yc152: System.OverflowException: Value was either too large or too small for an Int32.
   at System.Convert.ToInt32(Double value)
   at IEC61850_simulatorServer2.ModbusWirter.Write(Dictionary`2 data) in /Users/songyinpei/jobs/IEC61850-simulatorServer2/ModbusWirter.cs:line 234 

2025-12-11 11:06:09,694 [10] INFO  IEC61850_simulatorServer2.ModbusSimServer [568] - yt2 数据值更新为：0 

2025-12-11 11:06:10,696 [10] INFO  IEC61850_simulatorServer2.ModbusSimServer [568] - yt3 数据值更新为：0 

2025-12-11 11:06:11,697 [10] INFO  IEC61850_simulatorServer2.ModbusSimServer [568] - yt4 数据值更新为：0 

2025-12-11 11:06:12,700 [10] INFO  IEC61850_simulatorServer2.ModbusSimServer [568] - yt5 数据值更新为：0 

2025-12-11 11:06:13,702 [10] INFO  IEC61850_simulatorServer2.ModbusSimServer [568] - yt6 数据值更新为：0 

2025-12-11 11:06:14,704 [10] INFO  IEC61850_simulatorServer2.ModbusSimServer [568] - yt7 数据值更新为：0 

2025-12-11 11:06:15,707 [10] INFO  IEC61850_simulatorServer2.ModbusSimServer [568] - yt8 数据值更新为：0 

2025-12-11 11:06:16,709 [10] INFO  IEC61850_simulatorServer2.ModbusSimServer [568] - yt9 数据值更新为：0 

2025-12-11 11:06:17,711 [10] INFO  IEC61850_simulatorServer2.ModbusSimServer [568] - yt10 数据值更新为：0 

2025-12-11 11:06:18,713 [10] INFO  IEC61850_simulatorServer2.ModbusSimServer [568] - yt11 数据值更新为：0 

2025-12-11 11:06:19,715 [10] INFO  IEC61850_simulatorServer2.ModbusSimServer [568] - yt12 数据值更新为：0 

2025-12-11 11:06:20,718 [10] INFO  IEC61850_simulatorServer2.ModbusSimServer [568] - yt13 数据值更新为：0 

2025-12-11 11:06:21,720 [10] INFO  IEC61850_simulatorServer2.ModbusSimServer [568] - yt14 数据值更新为：0 

2025-12-11 11:06:22,722 [10] INFO  IEC61850_simulatorServer2.ModbusSimServer [568] - yt15 数据值更新为：0 

2025-12-11 11:06:23,725 [10] INFO  IEC61850_simulatorServer2.ModbusSimServer [568] - yt16 数据值更新为：0 

2025-12-11 11:06:24,728 [10] INFO  IEC61850_simulatorServer2.ModbusSimServer [568] - yt17 数据值更新为：0 

2025-12-11 11:06:25,731 [10] INFO  IEC61850_simulatorServer2.ModbusSimServer [568] - yt18 数据值更新为：0 

2025-12-11 11:06:26,732 [10] INFO  IEC61850_simulatorServer2.ModbusSimServer [568] - yt19 数据值更新为：0 

2025-12-11 11:06:27,749 [10] ERROR IEC61850_simulatorServer2.ModbusSimServer [224] - Control thread error 
System.NullReferenceException: Object reference not set to an instance of an object.
   at IEC61850_simulatorServer2.SimServer.SetExtIfVariableVal(String arg1, Object ctlVal) in /Users/songyinpei/jobs/IEC61850-simulatorServer2/IedSimServer.cs:line 260
   at IEC61850_simulatorServer2.ModbusSimServer.SetDataObjectByMesurePointName(String mesurePointName, Object value) in /Users/songyinpei/jobs/IEC61850-simulatorServer2/ModbusSimServer.cs:line 567
   at IEC61850_simulatorServer2.ModbusSimServer.<StartControlThread>b__23_0() in /Users/songyinpei/jobs/IEC61850-simulatorServer2/ModbusSimServer.cs:line 224

2025-12-11 11:06:29,063 [10] ERROR IEC61850_simulatorServer2.ModbusSimServer [224] - Control thread error 
System.NullReferenceException: Object reference not set to an instance of an object.
   at IEC61850_simulatorServer2.SimServer.SetExtIfVariableVal(String arg1, Object ctlVal) in /Users/songyinpei/jobs/IEC61850-simulatorServer2/IedSimServer.cs:line 260
   at IEC61850_simulatorServer2.ModbusSimServer.SetDataObjectByMesurePointName(String mesurePointName, Object value) in /Users/songyinpei/jobs/IEC61850-simulatorServer2/ModbusSimServer.cs:line 567
   at IEC61850_simulatorServer2.ModbusSimServer.<StartControlThread>b__23_0() in /Users/songyinpei/jobs/IEC61850-simulatorServer2/ModbusSimServer.cs:line 224

2025-12-11 11:06:30,377 [10] INFO  IEC61850_simulatorServer2.ModbusSimServer [568] - yt22 数据值更新为：0 

2025-12-11 11:06:31,380 [10] INFO  IEC61850_simulatorServer2.ModbusSimServer [568] - yt23 数据值更新为：0 

2025-12-11 11:06:32,390 [10] ERROR IEC61850_simulatorServer2.ModbusSimServer [224] - Control thread error 
System.NullReferenceException: Object reference not set to an instance of an object.
   at IEC61850_simulatorServer2.SimServer.SetExtIfVariableVal(String arg1, Object ctlVal) in /Users/songyinpei/jobs/IEC61850-simulatorServer2/IedSimServer.cs:line 260
   at IEC61850_simulatorServer2.ModbusSimServer.SetDataObjectByMesurePointName(String mesurePointName, Object value) in /Users/songyinpei/jobs/IEC61850-simulatorServer2/ModbusSimServer.cs:line 567
   at IEC61850_simulatorServer2.ModbusSimServer.<StartControlThread>b__23_0() in /Users/songyinpei/jobs/IEC61850-simulatorServer2/ModbusSimServer.cs:line 224

2025-12-11 11:06:33,712 [10] ERROR IEC61850_simulatorServer2.ModbusSimServer [224] - Control thread error 
System.NullReferenceException: Object reference not set to an instance of an object.
   at IEC61850_simulatorServer2.SimServer.SetExtIfVariableVal(String arg1, Object ctlVal) in /Users/songyinpei/jobs/IEC61850-simulatorServer2/IedSimServer.cs:line 260
   at IEC61850_simulatorServer2.ModbusSimServer.SetDataObjectByMesurePointName(String mesurePointName, Object value) in /Users/songyinpei/jobs/IEC61850-simulatorServer2/ModbusSimServer.cs:line 567
   at IEC61850_simulatorServer2.ModbusSimServer.<StartControlThread>b__23_0() in /Users/songyinpei/jobs/IEC61850-simulatorServer2/ModbusSimServer.cs:line 224

2025-12-11 11:06:35,025 [10] ERROR IEC61850_simulatorServer2.ModbusSimServer [224] - Control thread error 
System.NullReferenceException: Object reference not set to an instance of an object.
   at IEC61850_simulatorServer2.SimServer.SetExtIfVariableVal(String arg1, Object ctlVal) in /Users/songyinpei/jobs/IEC61850-simulatorServer2/IedSimServer.cs:line 260
   at IEC61850_simulatorServer2.ModbusSimServer.SetDataObjectByMesurePointName(String mesurePointName, Object value) in /Users/songyinpei/jobs/IEC61850-simulatorServer2/ModbusSimServer.cs:line 567
   at IEC61850_simulatorServer2.ModbusSimServer.<StartControlThread>b__23_0() in /Users/songyinpei/jobs/IEC61850-simulatorServer2/ModbusSimServer.cs:line 224

2025-12-11 11:06:36,339 [10] ERROR IEC61850_simulatorServer2.ModbusSimServer [224] - Control thread error 
System.NullReferenceException: Object reference not set to an instance of an object.
   at IEC61850_simulatorServer2.SimServer.SetExtIfVariableVal(String arg1, Object ctlVal) in /Users/songyinpei/jobs/IEC61850-simulatorServer2/IedSimServer.cs:line 260
   at IEC61850_simulatorServer2.ModbusSimServer.SetDataObjectByMesurePointName(String mesurePointName, Object value) in /Users/songyinpei/jobs/IEC61850-simulatorServer2/ModbusSimServer.cs:line 567
   at IEC61850_simulatorServer2.ModbusSimServer.<StartControlThread>b__23_0() in /Users/songyinpei/jobs/IEC61850-simulatorServer2/ModbusSimServer.cs:line 224

2025-12-11 11:06:37,659 [10] ERROR IEC61850_simulatorServer2.ModbusSimServer [224] - Control thread error 
System.NullReferenceException: Object reference not set to an instance of an object.
   at IEC61850_simulatorServer2.SimServer.SetExtIfVariableVal(String arg1, Object ctlVal) in /Users/songyinpei/jobs/IEC61850-simulatorServer2/IedSimServer.cs:line 260
   at IEC61850_simulatorServer2.ModbusSimServer.SetDataObjectByMesurePointName(String mesurePointName, Object value) in /Users/songyinpei/jobs/IEC61850-simulatorServer2/ModbusSimServer.cs:line 567
   at IEC61850_simulatorServer2.ModbusSimServer.<StartControlThread>b__23_0() in /Users/songyinpei/jobs/IEC61850-simulatorServer2/ModbusSimServer.cs:line 224

2025-12-11 11:06:38,972 [10] ERROR IEC61850_simulatorServer2.ModbusSimServer [224] - Control thread error 
System.NullReferenceException: Object reference not set to an instance of an object.
   at IEC61850_simulatorServer2.SimServer.SetExtIfVariableVal(String arg1, Object ctlVal) in /Users/songyinpei/jobs/IEC61850-simulatorServer2/IedSimServer.cs:line 260
   at IEC61850_simulatorServer2.ModbusSimServer.SetDataObjectByMesurePointName(String mesurePointName, Object value) in /Users/songyinpei/jobs/IEC61850-simulatorServer2/ModbusSimServer.cs:line 567
   at IEC61850_simulatorServer2.ModbusSimServer.<StartControlThread>b__23_0() in /Users/songyinpei/jobs/IEC61850-simulatorServer2/ModbusSimServer.cs:line 224

2025-12-11 11:06:40,285 [10] ERROR IEC61850_simulatorServer2.ModbusSimServer [224] - Control thread error 
System.NullReferenceException: Object reference not set to an instance of an object.
   at IEC61850_simulatorServer2.SimServer.SetExtIfVariableVal(String arg1, Object ctlVal) in /Users/songyinpei/jobs/IEC61850-simulatorServer2/IedSimServer.cs:line 260
   at IEC61850_simulatorServer2.ModbusSimServer.SetDataObjectByMesurePointName(String mesurePointName, Object value) in /Users/songyinpei/jobs/IEC61850-simulatorServer2/ModbusSimServer.cs:line 567
   at IEC61850_simulatorServer2.ModbusSimServer.<StartControlThread>b__23_0() in /Users/songyinpei/jobs/IEC61850-simulatorServer2/ModbusSimServer.cs:line 224

2025-12-11 11:06:41,595 [10] ERROR IEC61850_simulatorServer2.ModbusSimServer [224] - Control thread error 
System.NullReferenceException: Object reference not set to an instance of an object.
   at IEC61850_simulatorServer2.SimServer.SetExtIfVariableVal(String arg1, Object ctlVal) in /Users/songyinpei/jobs/IEC61850-simulatorServer2/IedSimServer.cs:line 260
   at IEC61850_simulatorServer2.ModbusSimServer.SetDataObjectByMesurePointName(String mesurePointName, Object value) in /Users/songyinpei/jobs/IEC61850-simulatorServer2/ModbusSimServer.cs:line 567
   at IEC61850_simulatorServer2.ModbusSimServer.<StartControlThread>b__23_0() in /Users/songyinpei/jobs/IEC61850-simulatorServer2/ModbusSimServer.cs:line 224
