
2025-12-09 08:23:48,952 [1] INFO  IEC61850_simulatorServer2.MainClass [37] - [Program] 应用启动，log4net 配置已尝试加载 

2025-12-09 08:23:51,409 [1] INFO  IEC61850_simulatorServer2.ModbusSimServer [146] - Device Connected, DeviceName : simBms 

2025-12-09 08:23:51,410 [1] INFO  IEC61850_simulatorServer2.ModbusSimServer [249] - Started worker for modelType=4, count=7689 

2025-12-09 08:23:51,411 [1] INFO  IEC61850_simulatorServer2.ModbusSimServer [251] - All modelType workers started. 

2025-12-09 08:23:51,412 [6] INFO  IEC61850_simulatorServer2.ModbusSimServer [285] - Worker 4 loop running with 7689 entries. 

2025-12-09 08:23:51,413 [7] INFO  IEC61850_simulatorServer2.ModbusSimServer [166] - Control thread started. 

2025-12-09 08:23:53,425 [1] INFO  IEC61850_simulatorServer2.ModbusSimServer [146] - Device Connected, DeviceName : simEmu 

2025-12-09 08:23:53,427 [1] INFO  IEC61850_simulatorServer2.ModbusSimServer [249] - Started worker for modelType=4, count=105 

2025-12-09 08:23:53,452 [8] INFO  IEC61850_simulatorServer2.ModbusSimServer [285] - Worker 4 loop running with 105 entries. 

2025-12-09 08:23:53,454 [1] INFO  IEC61850_simulatorServer2.ModbusSimServer [249] - Started worker for modelType=2, count=5 

2025-12-09 08:23:53,456 [1] INFO  IEC61850_simulatorServer2.ModbusSimServer [251] - All modelType workers started. 

2025-12-09 08:23:53,457 [9] INFO  IEC61850_simulatorServer2.ModbusSimServer [285] - Worker 2 loop running with 5 entries. 

2025-12-09 08:23:53,465 [10] INFO  IEC61850_simulatorServer2.ModbusSimServer [166] - Control thread started. 

2025-12-09 08:23:53,783 [10] INFO  IEC61850_simulatorServer2.ModbusSimServer [570] - yt0 数据值更新为：0 

2025-12-09 08:23:53,783 [10] INFO  IEC61850_simulatorServer2.ModbusSimServer [570] - yt1 数据值更新为：0 

2025-12-09 08:23:53,784 [10] INFO  IEC61850_simulatorServer2.ModbusSimServer [570] - yt2 数据值更新为：0 

2025-12-09 08:23:53,784 [10] INFO  IEC61850_simulatorServer2.ModbusSimServer [570] - yt3 数据值更新为：0 

2025-12-09 08:23:53,784 [10] INFO  IEC61850_simulatorServer2.ModbusSimServer [570] - yt4 数据值更新为：0 

2025-12-09 08:23:53,784 [10] INFO  IEC61850_simulatorServer2.ModbusSimServer [570] - yt5 数据值更新为：0 

2025-12-09 08:23:53,784 [10] INFO  IEC61850_simulatorServer2.ModbusSimServer [570] - yt6 数据值更新为：0 

2025-12-09 08:23:53,784 [10] INFO  IEC61850_simulatorServer2.ModbusSimServer [570] - yt7 数据值更新为：0 

2025-12-09 08:23:53,784 [10] INFO  IEC61850_simulatorServer2.ModbusSimServer [570] - yt8 数据值更新为：0 

2025-12-09 08:23:53,784 [10] INFO  IEC61850_simulatorServer2.ModbusSimServer [570] - yt9 数据值更新为：0 

2025-12-09 08:23:53,784 [10] INFO  IEC61850_simulatorServer2.ModbusSimServer [570] - yt10 数据值更新为：0 

2025-12-09 08:23:53,784 [10] INFO  IEC61850_simulatorServer2.ModbusSimServer [570] - yt11 数据值更新为：0 

2025-12-09 08:23:53,785 [10] INFO  IEC61850_simulatorServer2.ModbusSimServer [570] - yt12 数据值更新为：0 

2025-12-09 08:23:53,785 [10] INFO  IEC61850_simulatorServer2.ModbusSimServer [570] - yt13 数据值更新为：0 

2025-12-09 08:23:53,785 [10] INFO  IEC61850_simulatorServer2.ModbusSimServer [570] - yt14 数据值更新为：0 

2025-12-09 08:23:53,785 [10] INFO  IEC61850_simulatorServer2.ModbusSimServer [570] - yt15 数据值更新为：0 

2025-12-09 08:23:53,785 [10] INFO  IEC61850_simulatorServer2.ModbusSimServer [570] - yt16 数据值更新为：0 

2025-12-09 08:23:53,785 [10] INFO  IEC61850_simulatorServer2.ModbusSimServer [570] - yt17 数据值更新为：0 

2025-12-09 08:23:53,785 [10] INFO  IEC61850_simulatorServer2.ModbusSimServer [570] - yt18 数据值更新为：0 

2025-12-09 08:23:53,785 [10] INFO  IEC61850_simulatorServer2.ModbusSimServer [570] - yt19 数据值更新为：0 

2025-12-09 08:23:53,794 [10] ERROR IEC61850_simulatorServer2.ModbusSimServer [221] - Control thread error 
System.NullReferenceException: Object reference not set to an instance of an object.
   at IEC61850_simulatorServer2.SimServer.SetExtIfVariableVal(String arg1, Object ctlVal) in /Users/songyinpei/jobs/IEC61850-simulatorServer2/IedSimServer.cs:line 260
   at IEC61850_simulatorServer2.ModbusSimServer.SetDataObjectByMesurePointName(String mesurePointName, Object value) in /Users/songyinpei/jobs/IEC61850-simulatorServer2/ModbusSimServer.cs:line 569
   at IEC61850_simulatorServer2.ModbusSimServer.<StartControlThread>b__22_0() in /Users/songyinpei/jobs/IEC61850-simulatorServer2/ModbusSimServer.cs:line 221

2025-12-09 08:23:54,614 [10] ERROR IEC61850_simulatorServer2.ModbusSimServer [221] - Control thread error 
System.NullReferenceException: Object reference not set to an instance of an object.
   at IEC61850_simulatorServer2.SimServer.SetExtIfVariableVal(String arg1, Object ctlVal) in /Users/songyinpei/jobs/IEC61850-simulatorServer2/IedSimServer.cs:line 260
   at IEC61850_simulatorServer2.ModbusSimServer.SetDataObjectByMesurePointName(String mesurePointName, Object value) in /Users/songyinpei/jobs/IEC61850-simulatorServer2/ModbusSimServer.cs:line 569
   at IEC61850_simulatorServer2.ModbusSimServer.<StartControlThread>b__22_0() in /Users/songyinpei/jobs/IEC61850-simulatorServer2/ModbusSimServer.cs:line 221

2025-12-09 08:23:55,433 [10] INFO  IEC61850_simulatorServer2.ModbusSimServer [570] - yt22 数据值更新为：0 

2025-12-09 08:23:55,434 [10] INFO  IEC61850_simulatorServer2.ModbusSimServer [570] - yt23 数据值更新为：0 

2025-12-09 08:23:55,440 [10] ERROR IEC61850_simulatorServer2.ModbusSimServer [221] - Control thread error 
System.NullReferenceException: Object reference not set to an instance of an object.
   at IEC61850_simulatorServer2.SimServer.SetExtIfVariableVal(String arg1, Object ctlVal) in /Users/songyinpei/jobs/IEC61850-simulatorServer2/IedSimServer.cs:line 260
   at IEC61850_simulatorServer2.ModbusSimServer.SetDataObjectByMesurePointName(String mesurePointName, Object value) in /Users/songyinpei/jobs/IEC61850-simulatorServer2/ModbusSimServer.cs:line 569
   at IEC61850_simulatorServer2.ModbusSimServer.<StartControlThread>b__22_0() in /Users/songyinpei/jobs/IEC61850-simulatorServer2/ModbusSimServer.cs:line 221

2025-12-09 08:23:56,294 [10] ERROR IEC61850_simulatorServer2.ModbusSimServer [221] - Control thread error 
System.NullReferenceException: Object reference not set to an instance of an object.
   at IEC61850_simulatorServer2.SimServer.SetExtIfVariableVal(String arg1, Object ctlVal) in /Users/songyinpei/jobs/IEC61850-simulatorServer2/IedSimServer.cs:line 260
   at IEC61850_simulatorServer2.ModbusSimServer.SetDataObjectByMesurePointName(String mesurePointName, Object value) in /Users/songyinpei/jobs/IEC61850-simulatorServer2/ModbusSimServer.cs:line 569
   at IEC61850_simulatorServer2.ModbusSimServer.<StartControlThread>b__22_0() in /Users/songyinpei/jobs/IEC61850-simulatorServer2/ModbusSimServer.cs:line 221

2025-12-09 08:23:56,490 [8] WARN  IEC61850_simulatorServer2.ModbusWirter [234] - Scale apply failed for yc14: System.OverflowException: Value was either too large or too small for an Int32.
   at System.Convert.ToInt32(Double value)
   at IEC61850_simulatorServer2.ModbusWirter.Write(Dictionary`2 data) in /Users/songyinpei/jobs/IEC61850-simulatorServer2/ModbusWirter.cs:line 234 

2025-12-09 08:23:56,543 [8] WARN  IEC61850_simulatorServer2.ModbusWirter [234] - Scale apply failed for yc59: System.OverflowException: Value was either too large or too small for an Int32.
   at System.Convert.ToInt32(Double value)
   at IEC61850_simulatorServer2.ModbusWirter.Write(Dictionary`2 data) in /Users/songyinpei/jobs/IEC61850-simulatorServer2/ModbusWirter.cs:line 234 

2025-12-09 08:23:56,595 [8] WARN  IEC61850_simulatorServer2.ModbusWirter [234] - Scale apply failed for yc110: System.OverflowException: Value was either too large or too small for an Int32.
   at System.Convert.ToInt32(Double value)
   at IEC61850_simulatorServer2.ModbusWirter.Write(Dictionary`2 data) in /Users/songyinpei/jobs/IEC61850-simulatorServer2/ModbusWirter.cs:line 234 

2025-12-09 08:23:56,649 [8] WARN  IEC61850_simulatorServer2.ModbusWirter [234] - Scale apply failed for yc152: System.OverflowException: Value was either too large or too small for an Int32.
   at System.Convert.ToInt32(Double value)
   at IEC61850_simulatorServer2.ModbusWirter.Write(Dictionary`2 data) in /Users/songyinpei/jobs/IEC61850-simulatorServer2/ModbusWirter.cs:line 234 

2025-12-09 08:23:57,152 [10] ERROR IEC61850_simulatorServer2.ModbusSimServer [221] - Control thread error 
System.NullReferenceException: Object reference not set to an instance of an object.
   at IEC61850_simulatorServer2.SimServer.SetExtIfVariableVal(String arg1, Object ctlVal) in /Users/songyinpei/jobs/IEC61850-simulatorServer2/IedSimServer.cs:line 260
   at IEC61850_simulatorServer2.ModbusSimServer.SetDataObjectByMesurePointName(String mesurePointName, Object value) in /Users/songyinpei/jobs/IEC61850-simulatorServer2/ModbusSimServer.cs:line 569
   at IEC61850_simulatorServer2.ModbusSimServer.<StartControlThread>b__22_0() in /Users/songyinpei/jobs/IEC61850-simulatorServer2/ModbusSimServer.cs:line 221

2025-12-09 08:23:57,961 [10] ERROR IEC61850_simulatorServer2.ModbusSimServer [221] - Control thread error 
System.NullReferenceException: Object reference not set to an instance of an object.
   at IEC61850_simulatorServer2.SimServer.SetExtIfVariableVal(String arg1, Object ctlVal) in /Users/songyinpei/jobs/IEC61850-simulatorServer2/IedSimServer.cs:line 260
   at IEC61850_simulatorServer2.ModbusSimServer.SetDataObjectByMesurePointName(String mesurePointName, Object value) in /Users/songyinpei/jobs/IEC61850-simulatorServer2/ModbusSimServer.cs:line 569
   at IEC61850_simulatorServer2.ModbusSimServer.<StartControlThread>b__22_0() in /Users/songyinpei/jobs/IEC61850-simulatorServer2/ModbusSimServer.cs:line 221

2025-12-09 08:23:58,774 [10] ERROR IEC61850_simulatorServer2.ModbusSimServer [221] - Control thread error 
System.NullReferenceException: Object reference not set to an instance of an object.
   at IEC61850_simulatorServer2.SimServer.SetExtIfVariableVal(String arg1, Object ctlVal) in /Users/songyinpei/jobs/IEC61850-simulatorServer2/IedSimServer.cs:line 260
   at IEC61850_simulatorServer2.ModbusSimServer.SetDataObjectByMesurePointName(String mesurePointName, Object value) in /Users/songyinpei/jobs/IEC61850-simulatorServer2/ModbusSimServer.cs:line 569
   at IEC61850_simulatorServer2.ModbusSimServer.<StartControlThread>b__22_0() in /Users/songyinpei/jobs/IEC61850-simulatorServer2/ModbusSimServer.cs:line 221

2025-12-09 08:23:59,594 [10] ERROR IEC61850_simulatorServer2.ModbusSimServer [221] - Control thread error 
System.NullReferenceException: Object reference not set to an instance of an object.
   at IEC61850_simulatorServer2.SimServer.SetExtIfVariableVal(String arg1, Object ctlVal) in /Users/songyinpei/jobs/IEC61850-simulatorServer2/IedSimServer.cs:line 260
   at IEC61850_simulatorServer2.ModbusSimServer.SetDataObjectByMesurePointName(String mesurePointName, Object value) in /Users/songyinpei/jobs/IEC61850-simulatorServer2/ModbusSimServer.cs:line 569
   at IEC61850_simulatorServer2.ModbusSimServer.<StartControlThread>b__22_0() in /Users/songyinpei/jobs/IEC61850-simulatorServer2/ModbusSimServer.cs:line 221

2025-12-09 08:24:00,411 [10] ERROR IEC61850_simulatorServer2.ModbusSimServer [221] - Control thread error 
System.NullReferenceException: Object reference not set to an instance of an object.
   at IEC61850_simulatorServer2.SimServer.SetExtIfVariableVal(String arg1, Object ctlVal) in /Users/songyinpei/jobs/IEC61850-simulatorServer2/IedSimServer.cs:line 260
   at IEC61850_simulatorServer2.ModbusSimServer.SetDataObjectByMesurePointName(String mesurePointName, Object value) in /Users/songyinpei/jobs/IEC61850-simulatorServer2/ModbusSimServer.cs:line 569
   at IEC61850_simulatorServer2.ModbusSimServer.<StartControlThread>b__22_0() in /Users/songyinpei/jobs/IEC61850-simulatorServer2/ModbusSimServer.cs:line 221

2025-12-09 08:24:01,221 [10] ERROR IEC61850_simulatorServer2.ModbusSimServer [221] - Control thread error 
System.NullReferenceException: Object reference not set to an instance of an object.
   at IEC61850_simulatorServer2.SimServer.SetExtIfVariableVal(String arg1, Object ctlVal) in /Users/songyinpei/jobs/IEC61850-simulatorServer2/IedSimServer.cs:line 260
   at IEC61850_simulatorServer2.ModbusSimServer.SetDataObjectByMesurePointName(String mesurePointName, Object value) in /Users/songyinpei/jobs/IEC61850-simulatorServer2/ModbusSimServer.cs:line 569
   at IEC61850_simulatorServer2.ModbusSimServer.<StartControlThread>b__22_0() in /Users/songyinpei/jobs/IEC61850-simulatorServer2/ModbusSimServer.cs:line 221

2025-12-09 08:24:02,031 [10] INFO  IEC61850_simulatorServer2.ModbusSimServer [570] - yt32 数据值更新为：0 

2025-12-09 08:24:02,031 [10] INFO  IEC61850_simulatorServer2.ModbusSimServer [570] - yt33 数据值更新为：0 

2025-12-09 08:24:02,032 [10] INFO  IEC61850_simulatorServer2.ModbusSimServer [570] - yt34 数据值更新为：0 

2025-12-09 08:24:02,032 [10] INFO  IEC61850_simulatorServer2.ModbusSimServer [570] - yt35 数据值更新为：0 

2025-12-09 08:24:02,032 [10] INFO  IEC61850_simulatorServer2.ModbusSimServer [570] - yt36 数据值更新为：0 

2025-12-09 08:24:02,032 [10] INFO  IEC61850_simulatorServer2.ModbusSimServer [570] - yt37 数据值更新为：0 

2025-12-09 08:24:02,032 [10] INFO  IEC61850_simulatorServer2.ModbusSimServer [570] - yt38 数据值更新为：0 

2025-12-09 08:24:02,032 [10] INFO  IEC61850_simulatorServer2.ModbusSimServer [570] - yt39 数据值更新为：0 

2025-12-09 08:24:02,032 [10] INFO  IEC61850_simulatorServer2.ModbusSimServer [570] - yt40 数据值更新为：0 

2025-12-09 08:24:02,032 [10] INFO  IEC61850_simulatorServer2.ModbusSimServer [570] - yt41 数据值更新为：0 

2025-12-09 08:24:02,033 [10] INFO  IEC61850_simulatorServer2.ModbusSimServer [570] - yt42 数据值更新为：0 

2025-12-09 08:24:02,033 [10] INFO  IEC61850_simulatorServer2.ModbusSimServer [570] - yt43 数据值更新为：0 

2025-12-09 08:24:02,033 [10] INFO  IEC61850_simulatorServer2.ModbusSimServer [570] - yt44 数据值更新为：0 

2025-12-09 08:24:02,033 [10] INFO  IEC61850_simulatorServer2.ModbusSimServer [570] - yt45 数据值更新为：0 

2025-12-09 08:24:02,033 [10] INFO  IEC61850_simulatorServer2.ModbusSimServer [570] - yt46 数据值更新为：0 

2025-12-09 08:24:02,033 [10] INFO  IEC61850_simulatorServer2.ModbusSimServer [570] - yt47 数据值更新为：0 

2025-12-09 08:24:02,033 [10] INFO  IEC61850_simulatorServer2.ModbusSimServer [570] - yt48 数据值更新为：0 

2025-12-09 08:24:02,034 [10] INFO  IEC61850_simulatorServer2.ModbusSimServer [570] - yt49 数据值更新为：0 

2025-12-09 08:24:02,034 [10] INFO  IEC61850_simulatorServer2.ModbusSimServer [570] - yt50 数据值更新为：0 

2025-12-09 08:24:02,034 [10] INFO  IEC61850_simulatorServer2.ModbusSimServer [570] - yt51 数据值更新为：0 

2025-12-09 08:24:02,038 [10] ERROR IEC61850_simulatorServer2.ModbusSimServer [221] - Control thread error 
System.NullReferenceException: Object reference not set to an instance of an object.
   at IEC61850_simulatorServer2.SimServer.SetExtIfVariableVal(String arg1, Object ctlVal) in /Users/songyinpei/jobs/IEC61850-simulatorServer2/IedSimServer.cs:line 260
   at IEC61850_simulatorServer2.ModbusSimServer.SetDataObjectByMesurePointName(String mesurePointName, Object value) in /Users/songyinpei/jobs/IEC61850-simulatorServer2/ModbusSimServer.cs:line 569
   at IEC61850_simulatorServer2.ModbusSimServer.<StartControlThread>b__22_0() in /Users/songyinpei/jobs/IEC61850-simulatorServer2/ModbusSimServer.cs:line 221

2025-12-09 08:24:02,877 [10] ERROR IEC61850_simulatorServer2.ModbusSimServer [221] - Control thread error 
System.NullReferenceException: Object reference not set to an instance of an object.
   at IEC61850_simulatorServer2.SimServer.SetExtIfVariableVal(String arg1, Object ctlVal) in /Users/songyinpei/jobs/IEC61850-simulatorServer2/IedSimServer.cs:line 260
   at IEC61850_simulatorServer2.ModbusSimServer.SetDataObjectByMesurePointName(String mesurePointName, Object value) in /Users/songyinpei/jobs/IEC61850-simulatorServer2/ModbusSimServer.cs:line 569
   at IEC61850_simulatorServer2.ModbusSimServer.<StartControlThread>b__22_0() in /Users/songyinpei/jobs/IEC61850-simulatorServer2/ModbusSimServer.cs:line 221

2025-12-09 08:24:03,688 [10] ERROR IEC61850_simulatorServer2.ModbusSimServer [221] - Control thread error 
System.NullReferenceException: Object reference not set to an instance of an object.
   at IEC61850_simulatorServer2.SimServer.SetExtIfVariableVal(String arg1, Object ctlVal) in /Users/songyinpei/jobs/IEC61850-simulatorServer2/IedSimServer.cs:line 260
   at IEC61850_simulatorServer2.ModbusSimServer.SetDataObjectByMesurePointName(String mesurePointName, Object value) in /Users/songyinpei/jobs/IEC61850-simulatorServer2/ModbusSimServer.cs:line 569
   at IEC61850_simulatorServer2.ModbusSimServer.<StartControlThread>b__22_0() in /Users/songyinpei/jobs/IEC61850-simulatorServer2/ModbusSimServer.cs:line 221

2025-12-09 08:24:04,508 [10] ERROR IEC61850_simulatorServer2.ModbusSimServer [221] - Control thread error 
System.NullReferenceException: Object reference not set to an instance of an object.
   at IEC61850_simulatorServer2.SimServer.SetExtIfVariableVal(String arg1, Object ctlVal) in /Users/songyinpei/jobs/IEC61850-simulatorServer2/IedSimServer.cs:line 260
   at IEC61850_simulatorServer2.ModbusSimServer.SetDataObjectByMesurePointName(String mesurePointName, Object value) in /Users/songyinpei/jobs/IEC61850-simulatorServer2/ModbusSimServer.cs:line 569
   at IEC61850_simulatorServer2.ModbusSimServer.<StartControlThread>b__22_0() in /Users/songyinpei/jobs/IEC61850-simulatorServer2/ModbusSimServer.cs:line 221

2025-12-09 08:24:05,317 [10] ERROR IEC61850_simulatorServer2.ModbusSimServer [221] - Control thread error 
System.NullReferenceException: Object reference not set to an instance of an object.
   at IEC61850_simulatorServer2.SimServer.SetExtIfVariableVal(String arg1, Object ctlVal) in /Users/songyinpei/jobs/IEC61850-simulatorServer2/IedSimServer.cs:line 260
   at IEC61850_simulatorServer2.ModbusSimServer.SetDataObjectByMesurePointName(String mesurePointName, Object value) in /Users/songyinpei/jobs/IEC61850-simulatorServer2/ModbusSimServer.cs:line 569
   at IEC61850_simulatorServer2.ModbusSimServer.<StartControlThread>b__22_0() in /Users/songyinpei/jobs/IEC61850-simulatorServer2/ModbusSimServer.cs:line 221

2025-12-09 08:24:06,134 [10] ERROR IEC61850_simulatorServer2.ModbusSimServer [221] - Control thread error 
System.NullReferenceException: Object reference not set to an instance of an object.
   at IEC61850_simulatorServer2.SimServer.SetExtIfVariableVal(String arg1, Object ctlVal) in /Users/songyinpei/jobs/IEC61850-simulatorServer2/IedSimServer.cs:line 260
   at IEC61850_simulatorServer2.ModbusSimServer.SetDataObjectByMesurePointName(String mesurePointName, Object value) in /Users/songyinpei/jobs/IEC61850-simulatorServer2/ModbusSimServer.cs:line 569
   at IEC61850_simulatorServer2.ModbusSimServer.<StartControlThread>b__22_0() in /Users/songyinpei/jobs/IEC61850-simulatorServer2/ModbusSimServer.cs:line 221

2025-12-09 08:24:06,944 [10] ERROR IEC61850_simulatorServer2.ModbusSimServer [221] - Control thread error 
System.NullReferenceException: Object reference not set to an instance of an object.
   at IEC61850_simulatorServer2.SimServer.SetExtIfVariableVal(String arg1, Object ctlVal) in /Users/songyinpei/jobs/IEC61850-simulatorServer2/IedSimServer.cs:line 260
   at IEC61850_simulatorServer2.ModbusSimServer.SetDataObjectByMesurePointName(String mesurePointName, Object value) in /Users/songyinpei/jobs/IEC61850-simulatorServer2/ModbusSimServer.cs:line 569
   at IEC61850_simulatorServer2.ModbusSimServer.<StartControlThread>b__22_0() in /Users/songyinpei/jobs/IEC61850-simulatorServer2/ModbusSimServer.cs:line 221

2025-12-09 08:24:07,765 [10] ERROR IEC61850_simulatorServer2.ModbusSimServer [221] - Control thread error 
System.NullReferenceException: Object reference not set to an instance of an object.
   at IEC61850_simulatorServer2.SimServer.SetExtIfVariableVal(String arg1, Object ctlVal) in /Users/songyinpei/jobs/IEC61850-simulatorServer2/IedSimServer.cs:line 260
   at IEC61850_simulatorServer2.ModbusSimServer.SetDataObjectByMesurePointName(String mesurePointName, Object value) in /Users/songyinpei/jobs/IEC61850-simulatorServer2/ModbusSimServer.cs:line 569
   at IEC61850_simulatorServer2.ModbusSimServer.<StartControlThread>b__22_0() in /Users/songyinpei/jobs/IEC61850-simulatorServer2/ModbusSimServer.cs:line 221

2025-12-09 08:24:08,589 [10] ERROR IEC61850_simulatorServer2.ModbusSimServer [221] - Control thread error 
System.NullReferenceException: Object reference not set to an instance of an object.
   at IEC61850_simulatorServer2.SimServer.SetExtIfVariableVal(String arg1, Object ctlVal) in /Users/songyinpei/jobs/IEC61850-simulatorServer2/IedSimServer.cs:line 260
   at IEC61850_simulatorServer2.ModbusSimServer.SetDataObjectByMesurePointName(String mesurePointName, Object value) in /Users/songyinpei/jobs/IEC61850-simulatorServer2/ModbusSimServer.cs:line 569
   at IEC61850_simulatorServer2.ModbusSimServer.<StartControlThread>b__22_0() in /Users/songyinpei/jobs/IEC61850-simulatorServer2/ModbusSimServer.cs:line 221

2025-12-09 08:24:09,408 [10] ERROR IEC61850_simulatorServer2.ModbusSimServer [221] - Control thread error 
System.NullReferenceException: Object reference not set to an instance of an object.
   at IEC61850_simulatorServer2.SimServer.SetExtIfVariableVal(String arg1, Object ctlVal) in /Users/songyinpei/jobs/IEC61850-simulatorServer2/IedSimServer.cs:line 260
   at IEC61850_simulatorServer2.ModbusSimServer.SetDataObjectByMesurePointName(String mesurePointName, Object value) in /Users/songyinpei/jobs/IEC61850-simulatorServer2/ModbusSimServer.cs:line 569
   at IEC61850_simulatorServer2.ModbusSimServer.<StartControlThread>b__22_0() in /Users/songyinpei/jobs/IEC61850-simulatorServer2/ModbusSimServer.cs:line 221

2025-12-09 08:24:10,263 [10] ERROR IEC61850_simulatorServer2.ModbusSimServer [221] - Control thread error 
System.NullReferenceException: Object reference not set to an instance of an object.
   at IEC61850_simulatorServer2.SimServer.SetExtIfVariableVal(String arg1, Object ctlVal) in /Users/songyinpei/jobs/IEC61850-simulatorServer2/IedSimServer.cs:line 260
   at IEC61850_simulatorServer2.ModbusSimServer.SetDataObjectByMesurePointName(String mesurePointName, Object value) in /Users/songyinpei/jobs/IEC61850-simulatorServer2/ModbusSimServer.cs:line 569
   at IEC61850_simulatorServer2.ModbusSimServer.<StartControlThread>b__22_0() in /Users/songyinpei/jobs/IEC61850-simulatorServer2/ModbusSimServer.cs:line 221

2025-12-09 08:24:11,073 [10] ERROR IEC61850_simulatorServer2.ModbusSimServer [221] - Control thread error 
System.NullReferenceException: Object reference not set to an instance of an object.
   at IEC61850_simulatorServer2.SimServer.SetExtIfVariableVal(String arg1, Object ctlVal) in /Users/songyinpei/jobs/IEC61850-simulatorServer2/IedSimServer.cs:line 260
   at IEC61850_simulatorServer2.ModbusSimServer.SetDataObjectByMesurePointName(String mesurePointName, Object value) in /Users/songyinpei/jobs/IEC61850-simulatorServer2/ModbusSimServer.cs:line 569
   at IEC61850_simulatorServer2.ModbusSimServer.<StartControlThread>b__22_0() in /Users/songyinpei/jobs/IEC61850-simulatorServer2/ModbusSimServer.cs:line 221

2025-12-09 08:24:11,886 [10] INFO  IEC61850_simulatorServer2.ModbusSimServer [570] - yk01 数据值更新为：False 

2025-12-09 08:24:11,886 [10] INFO  IEC61850_simulatorServer2.ModbusSimServer [570] - yk02 数据值更新为：False 

2025-12-09 08:24:51,476 [10] INFO  IEC61850_simulatorServer2.ModbusSimServer [570] - yt22 数据值更新为：500 

2025-12-09 08:25:20,490 [10] INFO  IEC61850_simulatorServer2.ModbusSimServer [570] - yt22 数据值更新为：0 

2025-12-09 08:25:22,606 [8] WARN  IEC61850_simulatorServer2.ModbusWirter [234] - Scale apply failed for yc14: System.OverflowException: Value was either too large or too small for an Int32.
   at System.Convert.ToInt32(Double value)
   at IEC61850_simulatorServer2.ModbusWirter.Write(Dictionary`2 data) in /Users/songyinpei/jobs/IEC61850-simulatorServer2/ModbusWirter.cs:line 234 

2025-12-09 08:25:22,609 [8] WARN  IEC61850_simulatorServer2.ModbusWirter [234] - Scale apply failed for yc59: System.OverflowException: Value was either too large or too small for an Int32.
   at System.Convert.ToInt32(Double value)
   at IEC61850_simulatorServer2.ModbusWirter.Write(Dictionary`2 data) in /Users/songyinpei/jobs/IEC61850-simulatorServer2/ModbusWirter.cs:line 234 
